Release 14.7 - xst P.20131013 (nt64)
Copyright (c) 1995-2013 Xilinx, Inc.  All rights reserved.
--> Parameter TMPDIR set to xst/projnav.tmp


Total REAL time to Xst completion: 0.00 secs
Total CPU time to Xst completion: 0.12 secs
 
--> Parameter xsthdpdir set to xst


Total REAL time to Xst completion: 0.00 secs
Total CPU time to Xst completion: 0.12 secs
 
--> Reading design: TopModule.prj

TABLE OF CONTENTS
  1) Synthesis Options Summary
  2) HDL Parsing
  3) HDL Elaboration
  4) HDL Synthesis
       4.1) HDL Synthesis Report
  5) Advanced HDL Synthesis
       5.1) Advanced HDL Synthesis Report
  6) Low Level Synthesis
  7) Partition Report
  8) Design Summary
       8.1) Primitive and Black Box Usage
       8.2) Device utilization summary
       8.3) Partition Resource Summary
       8.4) Timing Report
            8.4.1) Clock Information
            8.4.2) Asynchronous Control Signals Information
            8.4.3) Timing Summary
            8.4.4) Timing Details
            8.4.5) Cross Clock Domains Report


=========================================================================
*                      Synthesis Options Summary                        *
=========================================================================
---- Source Parameters
Input File Name                    : "TopModule.prj"
Ignore Synthesis Constraint File   : NO

---- Target Parameters
Output File Name                   : "TopModule"
Output Format                      : NGC
Target Device                      : xc6slx150t-3-fgg484

---- Source Options
Top Module Name                    : TopModule
Automatic FSM Extraction           : YES
FSM Encoding Algorithm             : Auto
Safe Implementation                : No
FSM Style                          : LUT
RAM Extraction                     : Yes
RAM Style                          : Auto
ROM Extraction                     : Yes
Shift Register Extraction          : YES
ROM Style                          : Auto
Resource Sharing                   : YES
Asynchronous To Synchronous        : NO
Shift Register Minimum Size        : 2
Use DSP Block                      : Auto
Automatic Register Balancing       : No

---- Target Options
LUT Combining                      : Auto
Reduce Control Sets                : Auto
Add IO Buffers                     : YES
Global Maximum Fanout              : 100000
Add Generic Clock Buffer(BUFG)     : 16
Register Duplication               : YES
Optimize Instantiated Primitives   : NO
Use Clock Enable                   : Auto
Use Synchronous Set                : Auto
Use Synchronous Reset              : Auto
Pack IO Registers into IOBs        : Auto
Equivalent register Removal        : YES

---- General Options
Optimization Goal                  : Speed
Optimization Effort                : 1
Power Reduction                    : NO
Keep Hierarchy                     : No
Netlist Hierarchy                  : As_Optimized
RTL Output                         : Yes
Global Optimization                : AllClockNets
Read Cores                         : YES
Write Timing Constraints           : NO
Cross Clock Analysis               : NO
Hierarchy Separator                : /
Bus Delimiter                      : <>
Case Specifier                     : Maintain
Slice Utilization Ratio            : 100
BRAM Utilization Ratio             : 100
DSP48 Utilization Ratio            : 100
Auto BRAM Packing                  : NO
Slice Utilization Ratio Delta      : 5

=========================================================================


=========================================================================
*                          HDL Parsing                                  *
=========================================================================
Analyzing Verilog file "C:\Users\titansarus\Documents\ISE\CORDIC_ROTATION_SYNTH\Z_Calculator.v" into library work
Parsing verilog file "CONSTANTS.v" included at line 21.
Parsing module <Z_Calculator>.
Analyzing Verilog file "C:\Users\titansarus\Documents\ISE\CORDIC_ROTATION_SYNTH\Y_Calculator.v" into library work
Parsing verilog file "CONSTANTS.v" included at line 21.
Parsing module <Y_Calculator>.
Analyzing Verilog file "C:\Users\titansarus\Documents\ISE\CORDIC_ROTATION_SYNTH\X_Calculator.v" into library work
Parsing verilog file "CONSTANTS.v" included at line 21.
Parsing module <X_Calculator>.
Analyzing Verilog file "C:\Users\titansarus\Documents\ISE\CORDIC_ROTATION_SYNTH\Scaler.v" into library work
Parsing verilog file "CONSTANTS.v" included at line 21.
Parsing module <Scaler>.
Analyzing Verilog file "C:\Users\titansarus\Documents\ISE\CORDIC_ROTATION_SYNTH\Quadrant_Corrector.v" into library work
Parsing verilog file "CONSTANTS.v" included at line 1.
Parsing module <Quadrant_Corrector>.
Analyzing Verilog file "C:\Users\titansarus\Documents\ISE\CORDIC_ROTATION_SYNTH\CORDIC_Rotation.v" into library work
Parsing verilog file "CONSTANTS.v" included at line 21.
Parsing module <CORDIC_Rotation>.
Analyzing Verilog file "C:\Users\titansarus\Documents\ISE\CORDIC_ROTATION_SYNTH\TopModule.v" into library work
Parsing verilog file "CONSTANTS.v" included at line 21.
Parsing module <TopModule>.

=========================================================================
*                            HDL Elaboration                            *
=========================================================================

Elaborating module <TopModule>.

Elaborating module <CORDIC_Rotation(NUMBER_OF_ITERATIONS=28)>.

Elaborating module <Quadrant_Corrector>.

Elaborating module <X_Calculator>.

Elaborating module <Y_Calculator>.

Elaborating module <Z_Calculator>.

Elaborating module <Scaler>.

=========================================================================
*                           HDL Synthesis                               *
=========================================================================

Synthesizing Unit <TopModule>.
    Related source file is "C:\Users\titansarus\Documents\ISE\CORDIC_ROTATION_SYNTH\TopModule.v".
    Summary:
	no macro.
Unit <TopModule> synthesized.

Synthesizing Unit <CORDIC_Rotation>.
    Related source file is "C:\Users\titansarus\Documents\ISE\CORDIC_ROTATION_SYNTH\CORDIC_Rotation.v".
        NUMBER_OF_ITERATIONS = 28
    Found 4x352-bit Read Only RAM for signal <_n0355>
    Summary:
	inferred   1 RAM(s).
Unit <CORDIC_Rotation> synthesized.

Synthesizing Unit <Quadrant_Corrector>.
    Related source file is "C:\Users\titansarus\Documents\ISE\CORDIC_ROTATION_SYNTH\Quadrant_Corrector.v".
    Found 32-bit subtractor for signal <y[31]_unary_minus_1_OUT> created at line 23.
    Found 32-bit subtractor for signal <x[31]_unary_minus_2_OUT> created at line 30.
    Found 32-bit 4-to-1 multiplexer for signal <x_out> created at line 14.
    Found 32-bit 4-to-1 multiplexer for signal <y_out> created at line 14.
    Summary:
	inferred   2 Adder/Subtractor(s).
	inferred   5 Multiplexer(s).
Unit <Quadrant_Corrector> synthesized.

Synthesizing Unit <X_Calculator>.
    Related source file is "C:\Users\titansarus\Documents\ISE\CORDIC_ROTATION_SYNTH\X_Calculator.v".
WARNING:Xst:647 - Input <y> is never used. This port will be preserved and left unconnected if it belongs to a top-level block or it belongs to a sub-block and the hierarchy of this sub-block is preserved.
WARNING:Xst:647 - Input <angle<29:0>> is never used. This port will be preserved and left unconnected if it belongs to a top-level block or it belongs to a sub-block and the hierarchy of this sub-block is preserved.
WARNING:Xst:647 - Input <angle<31:31>> is never used. This port will be preserved and left unconnected if it belongs to a top-level block or it belongs to a sub-block and the hierarchy of this sub-block is preserved.
    Found 32-bit register for signal <x_out_temp>.
    Found 32-bit subtractor for signal <x[31]_y_shift[31]_sub_5_OUT> created at line 44.
    Found 32-bit adder for signal <x[31]_y_shift[31]_add_5_OUT> created at line 44.
    Summary:
	inferred   2 Adder/Subtractor(s).
	inferred  32 D-type flip-flop(s).
	inferred   4 Multiplexer(s).
Unit <X_Calculator> synthesized.

Synthesizing Unit <Y_Calculator>.
    Related source file is "C:\Users\titansarus\Documents\ISE\CORDIC_ROTATION_SYNTH\Y_Calculator.v".
WARNING:Xst:647 - Input <angle<29:0>> is never used. This port will be preserved and left unconnected if it belongs to a top-level block or it belongs to a sub-block and the hierarchy of this sub-block is preserved.
WARNING:Xst:647 - Input <angle<31:31>> is never used. This port will be preserved and left unconnected if it belongs to a top-level block or it belongs to a sub-block and the hierarchy of this sub-block is preserved.
    Found 32-bit register for signal <y_out_temp>.
    Found 32-bit subtractor for signal <y[31]_x_shift[31]_sub_2_OUT> created at line 35.
    Found 32-bit adder for signal <y[31]_x_shift[31]_add_2_OUT> created at line 35.
    Summary:
	inferred   1 Adder/Subtractor(s).
	inferred  32 D-type flip-flop(s).
Unit <Y_Calculator> synthesized.

Synthesizing Unit <Z_Calculator>.
    Related source file is "C:\Users\titansarus\Documents\ISE\CORDIC_ROTATION_SYNTH\Z_Calculator.v".
    Found 32-bit register for signal <angle_out_temp>.
    Found 32-bit subtractor for signal <angle[31]_lookup_table_amount[31]_sub_3_OUT> created at line 32.
    Found 32-bit adder for signal <angle[31]_lookup_table_amount[31]_add_1_OUT> created at line 32.
    Summary:
	inferred   1 Adder/Subtractor(s).
	inferred  32 D-type flip-flop(s).
Unit <Z_Calculator> synthesized.

Synthesizing Unit <Scaler>.
    Related source file is "C:\Users\titansarus\Documents\ISE\CORDIC_ROTATION_SYNTH\Scaler.v".
    Found 30-bit adder for signal <n0061[29:0]> created at line 28.
    Found 27-bit adder for signal <n0064[26:0]> created at line 29.
    Found 31-bit adder for signal <n0067[30:0]> created at line 28.
    Found 32-bit adder for signal <n0080> created at line 28.
    Found 21-bit adder for signal <n0073[20:0]> created at line 29.
    Found 19-bit adder for signal <n0076[18:0]> created at line 29.
    Found 22-bit adder for signal <n0079[21:0]> created at line 29.
    Found 32-bit adder for signal <hyperbolic_answer> created at line 28.
    Found 29-bit adder for signal <n0085[28:0]> created at line 30.
    Found 26-bit adder for signal <n0088[25:0]> created at line 31.
    Found 30-bit adder for signal <n0091[29:0]> created at line 30.
    Found 23-bit adder for signal <n0094[22:0]> created at line 31.
    Found 24-bit adder for signal <n0097[23:0]> created at line 31.
    Found 31-bit adder for signal <n0100[30:0]> created at line 30.
    Found 32-bit adder for signal <n0058> created at line 30.
    Found 32-bit 4-to-1 multiplexer for signal <answer> created at line 23.
    Summary:
	inferred  14 Adder/Subtractor(s).
	inferred   6 Multiplexer(s).
Unit <Scaler> synthesized.

=========================================================================
HDL Synthesis Report

Macro Statistics
# RAMs                                                 : 1
 4x352-bit single-port Read Only RAM                   : 1
# Adders/Subtractors                                   : 138
 19-bit adder                                          : 2
 21-bit adder                                          : 2
 22-bit adder                                          : 2
 23-bit adder                                          : 2
 24-bit adder                                          : 2
 26-bit adder                                          : 2
 27-bit adder                                          : 2
 29-bit adder                                          : 2
 30-bit adder                                          : 4
 31-bit adder                                          : 4
 32-bit adder                                          : 31
 32-bit addsub                                         : 54
 32-bit subtractor                                     : 29
# Registers                                            : 81
 32-bit register                                       : 81
# Multiplexers                                         : 125
 1-bit 2-to-1 multiplexer                              : 3
 32-bit 2-to-1 multiplexer                             : 120
 32-bit 4-to-1 multiplexer                             : 2

=========================================================================
INFO:Xst:1767 - HDL ADVISOR - Resource sharing has identified that some arithmetic operations in this design can share the same physical resources for reduced device utilization. For improved clock frequency you may try to disable resource sharing.

=========================================================================
*                       Advanced HDL Synthesis                          *
=========================================================================


Synthesizing (advanced) Unit <CORDIC_Rotation>.
INFO:Xst:3218 - HDL ADVISOR - The RAM <Mram__n0355> will be implemented on LUTs either because you have described an asynchronous read or because of currently unsupported block RAM features. If you have described an asynchronous read, making it synchronous would allow you to take advantage of available block RAM resources, for optimized device usage and improved timings. Please refer to your documentation for coding guidelines.
    -----------------------------------------------------------------------
    | ram_type           | Distributed                         |          |
    -----------------------------------------------------------------------
    | Port A                                                              |
    |     aspect ratio   | 4-word x 352-bit                    |          |
    |     weA            | connected to signal <GND>           | high     |
    |     addrA          | connected to signal <mode>          |          |
    |     diA            | connected to signal <GND>           |          |
    |     doA            | connected to internal node          |          |
    -----------------------------------------------------------------------
Unit <CORDIC_Rotation> synthesized (advanced).

Synthesizing (advanced) Unit <Scaler>.
	The following adders/subtractors are grouped into adder tree <Madd_n00801> :
 	<Madd_n0080> in block <Scaler>, 	<Madd_n0061[29:0]> in block <Scaler>, 	<Madd_n0064[26:0]> in block <Scaler>.
	The following adders/subtractors are grouped into adder tree <Madd_n0100[30:0]1> :
 	<Madd_n0085[28:0]> in block <Scaler>, 	<Madd_n0088[25:0]> in block <Scaler>, 	<Madd_n0094[22:0]> in block <Scaler>, 	<Madd_n0097[23:0]> in block <Scaler>.
Unit <Scaler> synthesized (advanced).

=========================================================================
Advanced HDL Synthesis Report

Macro Statistics
# RAMs                                                 : 1
 4x352-bit single-port distributed Read Only RAM       : 1
# Adders/Subtractors                                   : 118
 19-bit adder                                          : 2
 21-bit adder                                          : 2
 22-bit adder                                          : 2
 32-bit adder                                          : 29
 32-bit addsub                                         : 54
 32-bit subtractor                                     : 29
# Adder Trees                                          : 4
 31-bit / 7-inputs adder tree                          : 2
 32-bit / 5-inputs adder tree                          : 2
# Registers                                            : 2592
 Flip-Flops                                            : 2592
# Multiplexers                                         : 125
 1-bit 2-to-1 multiplexer                              : 3
 32-bit 2-to-1 multiplexer                             : 120
 32-bit 4-to-1 multiplexer                             : 2

=========================================================================

=========================================================================
*                         Low Level Synthesis                           *
=========================================================================

Optimizing unit <TopModule> ...

Optimizing unit <CORDIC_Rotation> ...

Optimizing unit <Quadrant_Corrector> ...

Optimizing unit <X_Calculator> ...

Optimizing unit <Scaler> ...

Mapping all equations...
Building and optimizing final netlist ...
Found area constraint ratio of 100 (+ 5) on block TopModule, actual ratio is 6.
FlipFlop cr/iterations[0].zc/angle_out_temp_30 has been replicated 1 time(s)
FlipFlop cr/iterations[19].yc/y_out_temp_31 has been replicated 1 time(s)
FlipFlop cr/iterations[1].zc/angle_out_temp_30 has been replicated 1 time(s)
FlipFlop cr/iterations[20].yc/y_out_temp_31 has been replicated 1 time(s)
FlipFlop cr/iterations[21].yc/y_out_temp_31 has been replicated 1 time(s)
FlipFlop cr/iterations[22].yc/y_out_temp_31 has been replicated 1 time(s)
FlipFlop cr/iterations[23].yc/y_out_temp_31 has been replicated 1 time(s)
FlipFlop cr/iterations[24].yc/y_out_temp_31 has been replicated 1 time(s)
FlipFlop cr/iterations[25].yc/y_out_temp_31 has been replicated 2 time(s)

Final Macro Processing ...

=========================================================================
Final Register Report

Macro Statistics
# Registers                                            : 2602
 Flip-Flops                                            : 2602

=========================================================================

=========================================================================
*                           Partition Report                            *
=========================================================================

Partition Implementation Status
-------------------------------

  No Partitions were found in this design.

-------------------------------

=========================================================================
*                            Design Summary                             *
=========================================================================

Top Level Output File Name         : TopModule.ngc

Primitive and Black Box Usage:
------------------------------
# BELS                             : 13143
#      GND                         : 1
#      INV                         : 91
#      LUT1                        : 34
#      LUT2                        : 2362
#      LUT3                        : 1111
#      LUT4                        : 492
#      LUT5                        : 169
#      LUT6                        : 978
#      MUXCY                       : 3890
#      VCC                         : 1
#      XORCY                       : 4014
# FlipFlops/Latches                : 2602
#      FD                          : 1738
#      FDE                         : 864
# Clock Buffers                    : 1
#      BUFGP                       : 1
# IO Buffers                       : 194
#      IBUF                        : 98
#      OBUF                        : 96

Device utilization summary:
---------------------------

Selected Device : 6slx150tfgg484-3 


Slice Logic Utilization: 
 Number of Slice Registers:            2602  out of  184304     1%  
 Number of Slice LUTs:                 5237  out of  92152     5%  
    Number used as Logic:              5237  out of  92152     5%  

Slice Logic Distribution: 
 Number of LUT Flip Flop pairs used:   5322
   Number with an unused Flip Flop:    2720  out of   5322    51%  
   Number with an unused LUT:            85  out of   5322     1%  
   Number of fully used LUT-FF pairs:  2517  out of   5322    47%  
   Number of unique control sets:         2

IO Utilization: 
 Number of IOs:                         195
 Number of bonded IOBs:                 195  out of    296    65%  

Specific Feature Utilization:
 Number of BUFG/BUFGCTRLs:                1  out of     16     6%  

---------------------------
Partition Resource Summary:
---------------------------

  No Partitions were found in this design.

---------------------------


=========================================================================
Timing Report

NOTE: THESE TIMING NUMBERS ARE ONLY A SYNTHESIS ESTIMATE.
      FOR ACCURATE TIMING INFORMATION PLEASE REFER TO THE TRACE REPORT
      GENERATED AFTER PLACE-and-ROUTE.

Clock Information:
------------------
-----------------------------------+------------------------+-------+
Clock Signal                       | Clock buffer(FF name)  | Load  |
-----------------------------------+------------------------+-------+
clock                              | BUFGP                  | 2602  |
-----------------------------------+------------------------+-------+

Asynchronous Control Signals Information:
----------------------------------------
No asynchronous control signals found in this design

Timing Summary:
---------------
Speed Grade: -3

   Minimum period: 3.960ns (Maximum Frequency: 252.534MHz)
   Minimum input arrival time before clock: 6.375ns
   Maximum output required time after clock: 11.079ns
   Maximum combinational path delay: 9.244ns

Timing Details:
---------------
All values displayed in nanoseconds (ns)

=========================================================================
Timing constraint: Default period analysis for Clock 'clock'
  Clock period: 3.960ns (frequency: 252.534MHz)
  Total number of paths / destination ports: 179475 / 2505
-------------------------------------------------------------------------
Delay:               3.960ns (Levels of Logic = 33)
  Source:            cr/iterations[25].zc/angle_out_temp_30 (FF)
  Destination:       cr/iterations[26].zc/angle_out_temp_31 (FF)
  Source Clock:      clock rising
  Destination Clock: clock rising

  Data Path: cr/iterations[25].zc/angle_out_temp_30 to cr/iterations[26].zc/angle_out_temp_31
                                Gate     Net
    Cell:in->out      fanout   Delay   Delay  Logical Name (Net Name)
    ----------------------------------------  ------------
     FD:C->Q              97   0.447   1.857  cr/iterations[25].zc/angle_out_temp_30 (cr/iterations[25].zc/angle_out_temp_30)
     INV:I->O              1   0.206   0.579  cr/rotated_angles<26><30>_inv2_INV_0 (cr/rotated_angles<26><30>_inv)
     MUXCY:CI->O           1   0.019   0.000  cr/iterations[26].zc/Maddsub_angle[31]_angle[31]_mux_3_OUT_cy<0> (cr/iterations[26].zc/Maddsub_angle[31]_angle[31]_mux_3_OUT_cy<0>)
     MUXCY:CI->O           1   0.019   0.000  cr/iterations[26].zc/Maddsub_angle[31]_angle[31]_mux_3_OUT_cy<1> (cr/iterations[26].zc/Maddsub_angle[31]_angle[31]_mux_3_OUT_cy<1>)
     MUXCY:CI->O           1   0.019   0.000  cr/iterations[26].zc/Maddsub_angle[31]_angle[31]_mux_3_OUT_cy<2> (cr/iterations[26].zc/Maddsub_angle[31]_angle[31]_mux_3_OUT_cy<2>)
     MUXCY:CI->O           1   0.019   0.000  cr/iterations[26].zc/Maddsub_angle[31]_angle[31]_mux_3_OUT_cy<3> (cr/iterations[26].zc/Maddsub_angle[31]_angle[31]_mux_3_OUT_cy<3>)
     MUXCY:CI->O           1   0.019   0.000  cr/iterations[26].zc/Maddsub_angle[31]_angle[31]_mux_3_OUT_cy<4> (cr/iterations[26].zc/Maddsub_angle[31]_angle[31]_mux_3_OUT_cy<4>)
     MUXCY:CI->O           1   0.019   0.000  cr/iterations[26].zc/Maddsub_angle[31]_angle[31]_mux_3_OUT_cy<5> (cr/iterations[26].zc/Maddsub_angle[31]_angle[31]_mux_3_OUT_cy<5>)
     MUXCY:CI->O           1   0.019   0.000  cr/iterations[26].zc/Maddsub_angle[31]_angle[31]_mux_3_OUT_cy<6> (cr/iterations[26].zc/Maddsub_angle[31]_angle[31]_mux_3_OUT_cy<6>)
     MUXCY:CI->O           1   0.019   0.000  cr/iterations[26].zc/Maddsub_angle[31]_angle[31]_mux_3_OUT_cy<7> (cr/iterations[26].zc/Maddsub_angle[31]_angle[31]_mux_3_OUT_cy<7>)
     MUXCY:CI->O           1   0.019   0.000  cr/iterations[26].zc/Maddsub_angle[31]_angle[31]_mux_3_OUT_cy<8> (cr/iterations[26].zc/Maddsub_angle[31]_angle[31]_mux_3_OUT_cy<8>)
     MUXCY:CI->O           1   0.019   0.000  cr/iterations[26].zc/Maddsub_angle[31]_angle[31]_mux_3_OUT_cy<9> (cr/iterations[26].zc/Maddsub_angle[31]_angle[31]_mux_3_OUT_cy<9>)
     MUXCY:CI->O           1   0.019   0.000  cr/iterations[26].zc/Maddsub_angle[31]_angle[31]_mux_3_OUT_cy<10> (cr/iterations[26].zc/Maddsub_angle[31]_angle[31]_mux_3_OUT_cy<10>)
     MUXCY:CI->O           1   0.019   0.000  cr/iterations[26].zc/Maddsub_angle[31]_angle[31]_mux_3_OUT_cy<11> (cr/iterations[26].zc/Maddsub_angle[31]_angle[31]_mux_3_OUT_cy<11>)
     MUXCY:CI->O           1   0.019   0.000  cr/iterations[26].zc/Maddsub_angle[31]_angle[31]_mux_3_OUT_cy<12> (cr/iterations[26].zc/Maddsub_angle[31]_angle[31]_mux_3_OUT_cy<12>)
     MUXCY:CI->O           1   0.019   0.000  cr/iterations[26].zc/Maddsub_angle[31]_angle[31]_mux_3_OUT_cy<13> (cr/iterations[26].zc/Maddsub_angle[31]_angle[31]_mux_3_OUT_cy<13>)
     MUXCY:CI->O           1   0.019   0.000  cr/iterations[26].zc/Maddsub_angle[31]_angle[31]_mux_3_OUT_cy<14> (cr/iterations[26].zc/Maddsub_angle[31]_angle[31]_mux_3_OUT_cy<14>)
     MUXCY:CI->O           1   0.019   0.000  cr/iterations[26].zc/Maddsub_angle[31]_angle[31]_mux_3_OUT_cy<15> (cr/iterations[26].zc/Maddsub_angle[31]_angle[31]_mux_3_OUT_cy<15>)
     MUXCY:CI->O           1   0.019   0.000  cr/iterations[26].zc/Maddsub_angle[31]_angle[31]_mux_3_OUT_cy<16> (cr/iterations[26].zc/Maddsub_angle[31]_angle[31]_mux_3_OUT_cy<16>)
     MUXCY:CI->O           1   0.019   0.000  cr/iterations[26].zc/Maddsub_angle[31]_angle[31]_mux_3_OUT_cy<17> (cr/iterations[26].zc/Maddsub_angle[31]_angle[31]_mux_3_OUT_cy<17>)
     MUXCY:CI->O           1   0.019   0.000  cr/iterations[26].zc/Maddsub_angle[31]_angle[31]_mux_3_OUT_cy<18> (cr/iterations[26].zc/Maddsub_angle[31]_angle[31]_mux_3_OUT_cy<18>)
     MUXCY:CI->O           1   0.019   0.000  cr/iterations[26].zc/Maddsub_angle[31]_angle[31]_mux_3_OUT_cy<19> (cr/iterations[26].zc/Maddsub_angle[31]_angle[31]_mux_3_OUT_cy<19>)
     MUXCY:CI->O           1   0.019   0.000  cr/iterations[26].zc/Maddsub_angle[31]_angle[31]_mux_3_OUT_cy<20> (cr/iterations[26].zc/Maddsub_angle[31]_angle[31]_mux_3_OUT_cy<20>)
     MUXCY:CI->O           1   0.019   0.000  cr/iterations[26].zc/Maddsub_angle[31]_angle[31]_mux_3_OUT_cy<21> (cr/iterations[26].zc/Maddsub_angle[31]_angle[31]_mux_3_OUT_cy<21>)
     MUXCY:CI->O           1   0.019   0.000  cr/iterations[26].zc/Maddsub_angle[31]_angle[31]_mux_3_OUT_cy<22> (cr/iterations[26].zc/Maddsub_angle[31]_angle[31]_mux_3_OUT_cy<22>)
     MUXCY:CI->O           1   0.019   0.000  cr/iterations[26].zc/Maddsub_angle[31]_angle[31]_mux_3_OUT_cy<23> (cr/iterations[26].zc/Maddsub_angle[31]_angle[31]_mux_3_OUT_cy<23>)
     MUXCY:CI->O           1   0.019   0.000  cr/iterations[26].zc/Maddsub_angle[31]_angle[31]_mux_3_OUT_cy<24> (cr/iterations[26].zc/Maddsub_angle[31]_angle[31]_mux_3_OUT_cy<24>)
     MUXCY:CI->O           1   0.019   0.000  cr/iterations[26].zc/Maddsub_angle[31]_angle[31]_mux_3_OUT_cy<25> (cr/iterations[26].zc/Maddsub_angle[31]_angle[31]_mux_3_OUT_cy<25>)
     MUXCY:CI->O           1   0.019   0.000  cr/iterations[26].zc/Maddsub_angle[31]_angle[31]_mux_3_OUT_cy<26> (cr/iterations[26].zc/Maddsub_angle[31]_angle[31]_mux_3_OUT_cy<26>)
     MUXCY:CI->O           1   0.019   0.000  cr/iterations[26].zc/Maddsub_angle[31]_angle[31]_mux_3_OUT_cy<27> (cr/iterations[26].zc/Maddsub_angle[31]_angle[31]_mux_3_OUT_cy<27>)
     MUXCY:CI->O           1   0.019   0.000  cr/iterations[26].zc/Maddsub_angle[31]_angle[31]_mux_3_OUT_cy<28> (cr/iterations[26].zc/Maddsub_angle[31]_angle[31]_mux_3_OUT_cy<28>)
     MUXCY:CI->O           1   0.019   0.000  cr/iterations[26].zc/Maddsub_angle[31]_angle[31]_mux_3_OUT_cy<29> (cr/iterations[26].zc/Maddsub_angle[31]_angle[31]_mux_3_OUT_cy<29>)
     MUXCY:CI->O           0   0.019   0.000  cr/iterations[26].zc/Maddsub_angle[31]_angle[31]_mux_3_OUT_cy<30> (cr/iterations[26].zc/Maddsub_angle[31]_angle[31]_mux_3_OUT_cy<30>)
     XORCY:CI->O           1   0.180   0.000  cr/iterations[26].zc/Maddsub_angle[31]_angle[31]_mux_3_OUT_xor<31> (cr/iterations[26].zc/angle[31]_angle[31]_mux_3_OUT<31>)
     FD:D                      0.102          cr/iterations[26].zc/angle_out_temp_31
    ----------------------------------------
    Total                      3.960ns (1.524ns logic, 2.436ns route)
                                       (38.5% logic, 61.5% route)

=========================================================================
Timing constraint: Default OFFSET IN BEFORE for Clock 'clock'
  Total number of paths / destination ports: 82519 / 2610
-------------------------------------------------------------------------
Offset:              6.375ns (Levels of Logic = 35)
  Source:            angle<29> (PAD)
  Destination:       cr/iterations[0].xc/x_out_temp_31 (FF)
  Destination Clock: clock rising

  Data Path: angle<29> to cr/iterations[0].xc/x_out_temp_31
                                Gate     Net
    Cell:in->out      fanout   Delay   Delay  Logical Name (Net Name)
    ----------------------------------------  ------------
     IBUF:I->O           160   1.222   2.362  angle_29_IBUF (angle_29_IBUF)
     LUT5:I0->O            1   0.203   0.579  cr/qc/Mmux_x_out110 (cr/x_start<0>)
     MUXCY:DI->O           1   0.145   0.000  cr/iterations[0].xc/Madd_x[31]_y_shift[31]_add_5_OUT_cy<0> (cr/iterations[0].xc/Madd_x[31]_y_shift[31]_add_5_OUT_cy<0>)
     MUXCY:CI->O           1   0.019   0.000  cr/iterations[0].xc/Madd_x[31]_y_shift[31]_add_5_OUT_cy<1> (cr/iterations[0].xc/Madd_x[31]_y_shift[31]_add_5_OUT_cy<1>)
     MUXCY:CI->O           1   0.019   0.000  cr/iterations[0].xc/Madd_x[31]_y_shift[31]_add_5_OUT_cy<2> (cr/iterations[0].xc/Madd_x[31]_y_shift[31]_add_5_OUT_cy<2>)
     MUXCY:CI->O           1   0.019   0.000  cr/iterations[0].xc/Madd_x[31]_y_shift[31]_add_5_OUT_cy<3> (cr/iterations[0].xc/Madd_x[31]_y_shift[31]_add_5_OUT_cy<3>)
     MUXCY:CI->O           1   0.019   0.000  cr/iterations[0].xc/Madd_x[31]_y_shift[31]_add_5_OUT_cy<4> (cr/iterations[0].xc/Madd_x[31]_y_shift[31]_add_5_OUT_cy<4>)
     MUXCY:CI->O           1   0.019   0.000  cr/iterations[0].xc/Madd_x[31]_y_shift[31]_add_5_OUT_cy<5> (cr/iterations[0].xc/Madd_x[31]_y_shift[31]_add_5_OUT_cy<5>)
     MUXCY:CI->O           1   0.019   0.000  cr/iterations[0].xc/Madd_x[31]_y_shift[31]_add_5_OUT_cy<6> (cr/iterations[0].xc/Madd_x[31]_y_shift[31]_add_5_OUT_cy<6>)
     MUXCY:CI->O           1   0.019   0.000  cr/iterations[0].xc/Madd_x[31]_y_shift[31]_add_5_OUT_cy<7> (cr/iterations[0].xc/Madd_x[31]_y_shift[31]_add_5_OUT_cy<7>)
     MUXCY:CI->O           1   0.019   0.000  cr/iterations[0].xc/Madd_x[31]_y_shift[31]_add_5_OUT_cy<8> (cr/iterations[0].xc/Madd_x[31]_y_shift[31]_add_5_OUT_cy<8>)
     MUXCY:CI->O           1   0.019   0.000  cr/iterations[0].xc/Madd_x[31]_y_shift[31]_add_5_OUT_cy<9> (cr/iterations[0].xc/Madd_x[31]_y_shift[31]_add_5_OUT_cy<9>)
     MUXCY:CI->O           1   0.019   0.000  cr/iterations[0].xc/Madd_x[31]_y_shift[31]_add_5_OUT_cy<10> (cr/iterations[0].xc/Madd_x[31]_y_shift[31]_add_5_OUT_cy<10>)
     MUXCY:CI->O           1   0.019   0.000  cr/iterations[0].xc/Madd_x[31]_y_shift[31]_add_5_OUT_cy<11> (cr/iterations[0].xc/Madd_x[31]_y_shift[31]_add_5_OUT_cy<11>)
     MUXCY:CI->O           1   0.019   0.000  cr/iterations[0].xc/Madd_x[31]_y_shift[31]_add_5_OUT_cy<12> (cr/iterations[0].xc/Madd_x[31]_y_shift[31]_add_5_OUT_cy<12>)
     MUXCY:CI->O           1   0.019   0.000  cr/iterations[0].xc/Madd_x[31]_y_shift[31]_add_5_OUT_cy<13> (cr/iterations[0].xc/Madd_x[31]_y_shift[31]_add_5_OUT_cy<13>)
     MUXCY:CI->O           1   0.019   0.000  cr/iterations[0].xc/Madd_x[31]_y_shift[31]_add_5_OUT_cy<14> (cr/iterations[0].xc/Madd_x[31]_y_shift[31]_add_5_OUT_cy<14>)
     MUXCY:CI->O           1   0.019   0.000  cr/iterations[0].xc/Madd_x[31]_y_shift[31]_add_5_OUT_cy<15> (cr/iterations[0].xc/Madd_x[31]_y_shift[31]_add_5_OUT_cy<15>)
     MUXCY:CI->O           1   0.019   0.000  cr/iterations[0].xc/Madd_x[31]_y_shift[31]_add_5_OUT_cy<16> (cr/iterations[0].xc/Madd_x[31]_y_shift[31]_add_5_OUT_cy<16>)
     MUXCY:CI->O           1   0.019   0.000  cr/iterations[0].xc/Madd_x[31]_y_shift[31]_add_5_OUT_cy<17> (cr/iterations[0].xc/Madd_x[31]_y_shift[31]_add_5_OUT_cy<17>)
     MUXCY:CI->O           1   0.019   0.000  cr/iterations[0].xc/Madd_x[31]_y_shift[31]_add_5_OUT_cy<18> (cr/iterations[0].xc/Madd_x[31]_y_shift[31]_add_5_OUT_cy<18>)
     MUXCY:CI->O           1   0.019   0.000  cr/iterations[0].xc/Madd_x[31]_y_shift[31]_add_5_OUT_cy<19> (cr/iterations[0].xc/Madd_x[31]_y_shift[31]_add_5_OUT_cy<19>)
     MUXCY:CI->O           1   0.019   0.000  cr/iterations[0].xc/Madd_x[31]_y_shift[31]_add_5_OUT_cy<20> (cr/iterations[0].xc/Madd_x[31]_y_shift[31]_add_5_OUT_cy<20>)
     MUXCY:CI->O           1   0.019   0.000  cr/iterations[0].xc/Madd_x[31]_y_shift[31]_add_5_OUT_cy<21> (cr/iterations[0].xc/Madd_x[31]_y_shift[31]_add_5_OUT_cy<21>)
     MUXCY:CI->O           1   0.019   0.000  cr/iterations[0].xc/Madd_x[31]_y_shift[31]_add_5_OUT_cy<22> (cr/iterations[0].xc/Madd_x[31]_y_shift[31]_add_5_OUT_cy<22>)
     MUXCY:CI->O           1   0.019   0.000  cr/iterations[0].xc/Madd_x[31]_y_shift[31]_add_5_OUT_cy<23> (cr/iterations[0].xc/Madd_x[31]_y_shift[31]_add_5_OUT_cy<23>)
     MUXCY:CI->O           1   0.019   0.000  cr/iterations[0].xc/Madd_x[31]_y_shift[31]_add_5_OUT_cy<24> (cr/iterations[0].xc/Madd_x[31]_y_shift[31]_add_5_OUT_cy<24>)
     MUXCY:CI->O           1   0.019   0.000  cr/iterations[0].xc/Madd_x[31]_y_shift[31]_add_5_OUT_cy<25> (cr/iterations[0].xc/Madd_x[31]_y_shift[31]_add_5_OUT_cy<25>)
     MUXCY:CI->O           1   0.019   0.000  cr/iterations[0].xc/Madd_x[31]_y_shift[31]_add_5_OUT_cy<26> (cr/iterations[0].xc/Madd_x[31]_y_shift[31]_add_5_OUT_cy<26>)
     MUXCY:CI->O           1   0.019   0.000  cr/iterations[0].xc/Madd_x[31]_y_shift[31]_add_5_OUT_cy<27> (cr/iterations[0].xc/Madd_x[31]_y_shift[31]_add_5_OUT_cy<27>)
     MUXCY:CI->O           1   0.019   0.000  cr/iterations[0].xc/Madd_x[31]_y_shift[31]_add_5_OUT_cy<28> (cr/iterations[0].xc/Madd_x[31]_y_shift[31]_add_5_OUT_cy<28>)
     MUXCY:CI->O           1   0.019   0.000  cr/iterations[0].xc/Madd_x[31]_y_shift[31]_add_5_OUT_cy<29> (cr/iterations[0].xc/Madd_x[31]_y_shift[31]_add_5_OUT_cy<29>)
     MUXCY:CI->O           0   0.019   0.000  cr/iterations[0].xc/Madd_x[31]_y_shift[31]_add_5_OUT_cy<30> (cr/iterations[0].xc/Madd_x[31]_y_shift[31]_add_5_OUT_cy<30>)
     XORCY:CI->O           1   0.180   0.808  cr/iterations[0].xc/Madd_x[31]_y_shift[31]_add_5_OUT_xor<31> (cr/iterations[0].xc/x[31]_y_shift[31]_add_5_OUT<31>)
     LUT6:I3->O            1   0.205   0.000  cr/iterations[0].xc/Mmux_mode[1]_x[31]_wide_mux_7_OUT251 (cr/iterations[0].xc/mode[1]_x[31]_wide_mux_7_OUT<31>)
     FDE:D                     0.102          cr/iterations[0].xc/x_out_temp_31
    ----------------------------------------
    Total                      6.375ns (2.627ns logic, 3.748ns route)
                                       (41.2% logic, 58.8% route)

=========================================================================
Timing constraint: Default OFFSET OUT AFTER for Clock 'clock'
  Total number of paths / destination ports: 20430914 / 96
-------------------------------------------------------------------------
Offset:              11.079ns (Levels of Logic = 24)
  Source:            cr/iterations[26].xc/x_out_temp_15 (FF)
  Destination:       rotated_x<31> (PAD)
  Source Clock:      clock rising

  Data Path: cr/iterations[26].xc/x_out_temp_15 to rotated_x<31>
                                Gate     Net
    Cell:in->out      fanout   Delay   Delay  Logical Name (Net Name)
    ----------------------------------------  ------------
     FDE:C->Q             28   0.447   1.463  cr/iterations[26].xc/x_out_temp_15 (cr/iterations[26].xc/x_out_temp_15)
     LUT3:I0->O            1   0.205   0.580  cr/scaler/ADDERTREE_INTERNAL_Madd115 (cr/scaler/ADDERTREE_INTERNAL_Madd115)
     LUT4:I3->O            1   0.205   0.000  cr/scaler/ADDERTREE_INTERNAL_Madd1_lut<0>16 (cr/scaler/ADDERTREE_INTERNAL_Madd1_lut<0>16)
     MUXCY:S->O            1   0.172   0.000  cr/scaler/ADDERTREE_INTERNAL_Madd1_cy<0>_15 (cr/scaler/ADDERTREE_INTERNAL_Madd1_cy<0>16)
     MUXCY:CI->O           1   0.019   0.000  cr/scaler/ADDERTREE_INTERNAL_Madd1_cy<0>_16 (cr/scaler/ADDERTREE_INTERNAL_Madd1_cy<0>17)
     MUXCY:CI->O           1   0.019   0.000  cr/scaler/ADDERTREE_INTERNAL_Madd1_cy<0>_17 (cr/scaler/ADDERTREE_INTERNAL_Madd1_cy<0>18)
     XORCY:CI->O           2   0.180   0.617  cr/scaler/ADDERTREE_INTERNAL_Madd1_xor<0>_18 (cr/scaler/ADDERTREE_INTERNAL_Madd_191)
     LUT3:I2->O            1   0.205   0.580  cr/scaler/ADDERTREE_INTERNAL_Madd319 (cr/scaler/ADDERTREE_INTERNAL_Madd319)
     LUT4:I3->O            1   0.205   0.000  cr/scaler/ADDERTREE_INTERNAL_Madd3_lut<0>20 (cr/scaler/ADDERTREE_INTERNAL_Madd3_lut<0>20)
     MUXCY:S->O            1   0.172   0.000  cr/scaler/ADDERTREE_INTERNAL_Madd3_cy<0>_19 (cr/scaler/ADDERTREE_INTERNAL_Madd3_cy<0>20)
     XORCY:CI->O           1   0.180   0.827  cr/scaler/ADDERTREE_INTERNAL_Madd3_xor<0>_20 (cr/scaler/ADDERTREE_INTERNAL_Madd_215)
     LUT5:I1->O            1   0.203   0.924  cr/scaler/Mmux_answer3_A141 (cr/scaler/Mmux_answer3_rs_A<21>)
     LUT5:I0->O            1   0.203   0.000  cr/scaler/Mmux_answer3_rs_lut<21> (cr/scaler/Mmux_answer3_rs_lut<21>)
     MUXCY:S->O            1   0.172   0.000  cr/scaler/Mmux_answer3_rs_cy<21> (cr/scaler/Mmux_answer3_rs_cy<21>)
     MUXCY:CI->O           1   0.019   0.000  cr/scaler/Mmux_answer3_rs_cy<22> (cr/scaler/Mmux_answer3_rs_cy<22>)
     MUXCY:CI->O           1   0.019   0.000  cr/scaler/Mmux_answer3_rs_cy<23> (cr/scaler/Mmux_answer3_rs_cy<23>)
     MUXCY:CI->O           1   0.019   0.000  cr/scaler/Mmux_answer3_rs_cy<24> (cr/scaler/Mmux_answer3_rs_cy<24>)
     MUXCY:CI->O           1   0.019   0.000  cr/scaler/Mmux_answer3_rs_cy<25> (cr/scaler/Mmux_answer3_rs_cy<25>)
     MUXCY:CI->O           1   0.019   0.000  cr/scaler/Mmux_answer3_rs_cy<26> (cr/scaler/Mmux_answer3_rs_cy<26>)
     MUXCY:CI->O           1   0.019   0.000  cr/scaler/Mmux_answer3_rs_cy<27> (cr/scaler/Mmux_answer3_rs_cy<27>)
     MUXCY:CI->O           1   0.019   0.000  cr/scaler/Mmux_answer3_rs_cy<28> (cr/scaler/Mmux_answer3_rs_cy<28>)
     MUXCY:CI->O           1   0.019   0.000  cr/scaler/Mmux_answer3_rs_cy<29> (cr/scaler/Mmux_answer3_rs_cy<29>)
     MUXCY:CI->O           0   0.019   0.000  cr/scaler/Mmux_answer3_rs_cy<30> (cr/scaler/Mmux_answer3_rs_cy<30>)
     XORCY:CI->O           1   0.180   0.579  cr/scaler/Mmux_answer3_rs_xor<31> (rotated_x_31_OBUF)
     OBUF:I->O                 2.571          rotated_x_31_OBUF (rotated_x<31>)
    ----------------------------------------
    Total                     11.079ns (5.509ns logic, 5.570ns route)
                                       (49.7% logic, 50.3% route)

=========================================================================
Timing constraint: Default path analysis
  Total number of paths / destination ports: 5988 / 64
-------------------------------------------------------------------------
Delay:               9.244ns (Levels of Logic = 36)
  Source:            mode<0> (PAD)
  Destination:       rotated_x<31> (PAD)

  Data Path: mode<0> to rotated_x<31>
                                Gate     Net
    Cell:in->out      fanout   Delay   Delay  Logical Name (Net Name)
    ----------------------------------------  ------------
     IBUF:I->O          1284   1.222   2.620  mode_0_IBUF (mode_0_IBUF)
     LUT5:I0->O            1   0.203   0.924  cr/scaler2/Mmux_answer3_A110 (cr/scaler2/Mmux_answer3_rs_A<0>)
     LUT5:I0->O            1   0.203   0.000  cr/scaler2/Mmux_answer3_rs_lut<0> (cr/scaler2/Mmux_answer3_rs_lut<0>)
     MUXCY:S->O            1   0.172   0.000  cr/scaler2/Mmux_answer3_rs_cy<0> (cr/scaler2/Mmux_answer3_rs_cy<0>)
     MUXCY:CI->O           1   0.019   0.000  cr/scaler2/Mmux_answer3_rs_cy<1> (cr/scaler2/Mmux_answer3_rs_cy<1>)
     MUXCY:CI->O           1   0.019   0.000  cr/scaler2/Mmux_answer3_rs_cy<2> (cr/scaler2/Mmux_answer3_rs_cy<2>)
     MUXCY:CI->O           1   0.019   0.000  cr/scaler2/Mmux_answer3_rs_cy<3> (cr/scaler2/Mmux_answer3_rs_cy<3>)
     MUXCY:CI->O           1   0.019   0.000  cr/scaler2/Mmux_answer3_rs_cy<4> (cr/scaler2/Mmux_answer3_rs_cy<4>)
     MUXCY:CI->O           1   0.019   0.000  cr/scaler2/Mmux_answer3_rs_cy<5> (cr/scaler2/Mmux_answer3_rs_cy<5>)
     MUXCY:CI->O           1   0.019   0.000  cr/scaler2/Mmux_answer3_rs_cy<6> (cr/scaler2/Mmux_answer3_rs_cy<6>)
     MUXCY:CI->O           1   0.019   0.000  cr/scaler2/Mmux_answer3_rs_cy<7> (cr/scaler2/Mmux_answer3_rs_cy<7>)
     MUXCY:CI->O           1   0.019   0.000  cr/scaler2/Mmux_answer3_rs_cy<8> (cr/scaler2/Mmux_answer3_rs_cy<8>)
     MUXCY:CI->O           1   0.019   0.000  cr/scaler2/Mmux_answer3_rs_cy<9> (cr/scaler2/Mmux_answer3_rs_cy<9>)
     MUXCY:CI->O           1   0.019   0.000  cr/scaler2/Mmux_answer3_rs_cy<10> (cr/scaler2/Mmux_answer3_rs_cy<10>)
     MUXCY:CI->O           1   0.019   0.000  cr/scaler2/Mmux_answer3_rs_cy<11> (cr/scaler2/Mmux_answer3_rs_cy<11>)
     MUXCY:CI->O           1   0.019   0.000  cr/scaler2/Mmux_answer3_rs_cy<12> (cr/scaler2/Mmux_answer3_rs_cy<12>)
     MUXCY:CI->O           1   0.019   0.000  cr/scaler2/Mmux_answer3_rs_cy<13> (cr/scaler2/Mmux_answer3_rs_cy<13>)
     MUXCY:CI->O           1   0.019   0.000  cr/scaler2/Mmux_answer3_rs_cy<14> (cr/scaler2/Mmux_answer3_rs_cy<14>)
     MUXCY:CI->O           1   0.019   0.000  cr/scaler2/Mmux_answer3_rs_cy<15> (cr/scaler2/Mmux_answer3_rs_cy<15>)
     MUXCY:CI->O           1   0.019   0.000  cr/scaler2/Mmux_answer3_rs_cy<16> (cr/scaler2/Mmux_answer3_rs_cy<16>)
     MUXCY:CI->O           1   0.019   0.000  cr/scaler2/Mmux_answer3_rs_cy<17> (cr/scaler2/Mmux_answer3_rs_cy<17>)
     MUXCY:CI->O           1   0.019   0.000  cr/scaler2/Mmux_answer3_rs_cy<18> (cr/scaler2/Mmux_answer3_rs_cy<18>)
     MUXCY:CI->O           1   0.019   0.000  cr/scaler2/Mmux_answer3_rs_cy<19> (cr/scaler2/Mmux_answer3_rs_cy<19>)
     MUXCY:CI->O           1   0.019   0.000  cr/scaler2/Mmux_answer3_rs_cy<20> (cr/scaler2/Mmux_answer3_rs_cy<20>)
     MUXCY:CI->O           1   0.019   0.000  cr/scaler2/Mmux_answer3_rs_cy<21> (cr/scaler2/Mmux_answer3_rs_cy<21>)
     MUXCY:CI->O           1   0.019   0.000  cr/scaler2/Mmux_answer3_rs_cy<22> (cr/scaler2/Mmux_answer3_rs_cy<22>)
     MUXCY:CI->O           1   0.019   0.000  cr/scaler2/Mmux_answer3_rs_cy<23> (cr/scaler2/Mmux_answer3_rs_cy<23>)
     MUXCY:CI->O           1   0.019   0.000  cr/scaler2/Mmux_answer3_rs_cy<24> (cr/scaler2/Mmux_answer3_rs_cy<24>)
     MUXCY:CI->O           1   0.019   0.000  cr/scaler2/Mmux_answer3_rs_cy<25> (cr/scaler2/Mmux_answer3_rs_cy<25>)
     MUXCY:CI->O           1   0.019   0.000  cr/scaler2/Mmux_answer3_rs_cy<26> (cr/scaler2/Mmux_answer3_rs_cy<26>)
     MUXCY:CI->O           1   0.019   0.000  cr/scaler2/Mmux_answer3_rs_cy<27> (cr/scaler2/Mmux_answer3_rs_cy<27>)
     MUXCY:CI->O           1   0.019   0.000  cr/scaler2/Mmux_answer3_rs_cy<28> (cr/scaler2/Mmux_answer3_rs_cy<28>)
     MUXCY:CI->O           1   0.019   0.000  cr/scaler2/Mmux_answer3_rs_cy<29> (cr/scaler2/Mmux_answer3_rs_cy<29>)
     MUXCY:CI->O           0   0.019   0.000  cr/scaler2/Mmux_answer3_rs_cy<30> (cr/scaler2/Mmux_answer3_rs_cy<30>)
     XORCY:CI->O           1   0.180   0.579  cr/scaler2/Mmux_answer3_rs_xor<31> (rotated_y_31_OBUF)
     OBUF:I->O                 2.571          rotated_y_31_OBUF (rotated_y<31>)
    ----------------------------------------
    Total                      9.244ns (5.121ns logic, 4.123ns route)
                                       (55.4% logic, 44.6% route)

=========================================================================

Cross Clock Domains Report:
--------------------------

Clock to Setup on destination clock clock
---------------+---------+---------+---------+---------+
               | Src:Rise| Src:Fall| Src:Rise| Src:Fall|
Source Clock   |Dest:Rise|Dest:Rise|Dest:Fall|Dest:Fall|
---------------+---------+---------+---------+---------+
clock          |    3.960|         |         |         |
---------------+---------+---------+---------+---------+

=========================================================================


Total REAL time to Xst completion: 13.00 secs
Total CPU time to Xst completion: 13.01 secs
 
--> 

Total memory usage is 4558448 kilobytes

Number of errors   :    0 (   0 filtered)
Number of warnings :    5 (   0 filtered)
Number of infos    :    2 (   0 filtered)

